﻿
   FAIL  Tests\Feature\Auth\RegistrationTermsTest
  Γ¿» new users cannot register without accepting terms
  Γ¿» new users can register with accepted terms
  ΓöÇΓöÇΓöÇΓöÇΓöÇΓöÇΓöÇΓöÇΓöÇΓöÇΓöÇΓöÇΓöÇΓöÇΓöÇΓöÇΓöÇΓöÇ  
  ΓÇª  QueryException   
  SQLSTATE[HY000]: General error: 1 near "MODIFY": syntax error (Connection: sqlite, SQL: ALTER TABLE course_student MODIFY COLUMN status ENUM('pending', 'approved', 'rejected', 'withdrawal_pending') DEFAULT 'pending')

  at vendor\laravel\framework\src\Illuminate\Database\Connection.php:826
    822Γûò                     $this->getName(), $query, $this->prepareBindings($bindings), $e
    823Γûò                 );
    824Γûò             }
    825Γûò 
  Γ₧£ 826Γûò             throw new QueryException(
    827Γûò                 $this->getName(), $query, $this->prepareBindings($bindings), $e
    828Γûò             );
    829Γûò         }
    830Γûò     }

  1   vendor\laravel\framework\src\Illuminate\Database\Connection.php:826

  2   vendor\laravel\framework\src\Illuminate\Database\Connection.php:564
      NunoMaduro\Collision\Exceptions\TestException::("SQLSTATE[HY000]: General error: 1 near "MODIFY": syntax error")

  ΓöÇΓöÇΓöÇΓöÇΓöÇΓöÇΓöÇΓöÇΓöÇΓöÇΓöÇΓöÇΓöÇΓöÇΓöÇΓöÇΓöÇΓöÇ  
  ΓÇª  QueryException   
  SQLSTATE[HY000]: General error: 1 near "MODIFY": syntax error (Connection: sqlite, SQL: ALTER TABLE course_student MODIFY COLUMN status ENUM('pending', 'approved', 'rejected', 'withdrawal_pending') DEFAULT 'pending')

  at vendor\laravel\framework\src\Illuminate\Database\Connection.php:826
    822Γûò                     $this->getName(), $query, $this->prepareBindings($bindings), $e
    823Γûò                 );
    824Γûò             }
    825Γûò 
  Γ₧£ 826Γûò             throw new QueryException(
    827Γûò                 $this->getName(), $query, $this->prepareBindings($bindings), $e
    828Γûò             );
    829Γûò         }
    830Γûò     }

  1   vendor\laravel\framework\src\Illuminate\Database\Connection.php:826

  2   vendor\laravel\framework\src\Illuminate\Database\Connection.php:564
      NunoMaduro\Collision\Exceptions\TestException::("SQLSTATE[HY000]: General error: 1 near "MODIFY": syntax error")


  Tests:    2 failed (0 assertions)
  Duration: 0.42s

